{
  "version": "1.5.0",
  "plugins_used": [
    {
      "name": "ArtifactoryDetector"
    },
    {
      "name": "AWSKeyDetector"
    },
    {
      "name": "AzureStorageKeyDetector"
    },
    {
      "name": "Base64HighEntropyString",
      "limit": 4.5
    },
    {
      "name": "BasicAuthDetector"
    },
    {
      "name": "CloudantDetector"
    },
    {
      "name": "DiscordBotTokenDetector"
    },
    {
      "name": "GitHubTokenDetector"
    },
    {
      "name": "GitLabTokenDetector"
    },
    {
      "name": "HexHighEntropyString",
      "limit": 3.0
    },
    {
      "name": "IbmCloudIamDetector"
    },
    {
      "name": "IbmCosHmacDetector"
    },
    {
      "name": "IPPublicDetector"
    },
    {
      "name": "JwtTokenDetector"
    },
    {
      "name": "KeywordDetector",
      "keyword_exclude": ""
    },
    {
      "name": "MailchimpDetector"
    },
    {
      "name": "NpmDetector"
    },
    {
      "name": "OpenAIDetector"
    },
    {
      "name": "PrivateKeyDetector"
    },
    {
      "name": "PypiTokenDetector"
    },
    {
      "name": "SendGridDetector"
    },
    {
      "name": "SlackDetector"
    },
    {
      "name": "SoftlayerDetector"
    },
    {
      "name": "SquareOAuthDetector"
    },
    {
      "name": "StripeDetector"
    },
    {
      "name": "TelegramBotTokenDetector"
    },
    {
      "name": "TwilioKeyDetector"
    }
  ],
  "filters_used": [
    {
      "path": "detect_secrets.filters.allowlist.is_line_allowlisted"
    },
    {
      "path": "detect_secrets.filters.common.is_baseline_file",
      "filename": ".secrets.baseline"
    },
    {
      "path": "detect_secrets.filters.common.is_ignored_due_to_verification_policies",
      "min_level": 2
    },
    {
      "path": "detect_secrets.filters.heuristic.is_indirect_reference"
    },
    {
      "path": "detect_secrets.filters.heuristic.is_likely_id_string"
    },
    {
      "path": "detect_secrets.filters.heuristic.is_lock_file"
    },
    {
      "path": "detect_secrets.filters.heuristic.is_not_alphanumeric_string"
    },
    {
      "path": "detect_secrets.filters.heuristic.is_potential_uuid"
    },
    {
      "path": "detect_secrets.filters.heuristic.is_prefixed_with_dollar_sign"
    },
    {
      "path": "detect_secrets.filters.heuristic.is_sequential_string"
    },
    {
      "path": "detect_secrets.filters.heuristic.is_swagger_file"
    },
    {
      "path": "detect_secrets.filters.heuristic.is_templated_secret"
    },
    {
      "path": "detect_secrets.filters.regex.should_exclude_file",
      "pattern": [
        "package-lock.json|yarn.lock|pnpm-lock.yaml"
      ]
    }
  ],
  "results": {
    ".claude\\settings.local.json": [
      {
        "type": "Hex High Entropy String",
        "filename": ".claude\\settings.local.json",
        "hashed_secret": "559a47da7ec4175460c04d45eac20beb061ad10a",
        "is_verified": false,
        "line_number": 60
      }
    ],
    ".env.production.example": [
      {
        "type": "Basic Auth Credentials",
        "filename": ".env.production.example",
        "hashed_secret": "112bb791304791ddcf692e29fd5cf149b35fea37",
        "is_verified": false,
        "line_number": 29
      }
    ],
    ".env.production.template": [
      {
        "type": "Secret Keyword",
        "filename": ".env.production.template",
        "hashed_secret": "709efac7d070e6c7bbd2bf748c172bafa5f689b0",
        "is_verified": false,
        "line_number": 12
      },
      {
        "type": "Secret Keyword",
        "filename": ".env.production.template",
        "hashed_secret": "9ef9f403f89319bfcc6de3d4aa416c1e86a49aeb",
        "is_verified": false,
        "line_number": 18
      },
      {
        "type": "Secret Keyword",
        "filename": ".env.production.template",
        "hashed_secret": "df8c30d0a605acf29b4fb05437e230b48a51b8cf",
        "is_verified": false,
        "line_number": 23
      },
      {
        "type": "Secret Keyword",
        "filename": ".env.production.template",
        "hashed_secret": "61aafb9cfd6b63ce4a678dd73269bdc815c477a1",
        "is_verified": false,
        "line_number": 24
      }
    ],
    ".github\\workflows\\ci.yml": [
      {
        "type": "Secret Keyword",
        "filename": ".github\\workflows\\ci.yml",
        "hashed_secret": "a94a8fe5ccb19ba61c4c0873d391e987982fbbd3",
        "is_verified": false,
        "line_number": 36
      },
      {
        "type": "Basic Auth Credentials",
        "filename": ".github\\workflows\\ci.yml",
        "hashed_secret": "a94a8fe5ccb19ba61c4c0873d391e987982fbbd3",
        "is_verified": false,
        "line_number": 91
      },
      {
        "type": "Secret Keyword",
        "filename": ".github\\workflows\\ci.yml",
        "hashed_secret": "d4e0e04792fd434b5dc9c4155c178f66edcf4ed3",
        "is_verified": false,
        "line_number": 94
      },
      {
        "type": "Secret Keyword",
        "filename": ".github\\workflows\\ci.yml",
        "hashed_secret": "c9244e61aff4c392acab233287affea119e1d54b",
        "is_verified": false,
        "line_number": 95
      },
      {
        "type": "Base64 High Entropy String",
        "filename": ".github\\workflows\\ci.yml",
        "hashed_secret": "3319c77fa48f4ee38bf175b649dbd57f1b9fa9a7",
        "is_verified": false,
        "line_number": 96
      },
      {
        "type": "Secret Keyword",
        "filename": ".github\\workflows\\ci.yml",
        "hashed_secret": "950dd29d10e943d6c282b8bbe16ab168bbdf8623",
        "is_verified": false,
        "line_number": 327
      },
      {
        "type": "Secret Keyword",
        "filename": ".github\\workflows\\ci.yml",
        "hashed_secret": "3ececf512c743abf0f65c028a12ded6eafc3c816",
        "is_verified": false,
        "line_number": 328
      }
    ],
    ".github\\workflows\\docker.yml": [
      {
        "type": "Secret Keyword",
        "filename": ".github\\workflows\\docker.yml",
        "hashed_secret": "199d2d30fb03df7f44ad160be8fe3cdbf6228750",
        "is_verified": false,
        "line_number": 132
      }
    ],
    "backend\\.env.example": [
      {
        "type": "Basic Auth Credentials",
        "filename": "backend\\.env.example",
        "hashed_secret": "aba07161bde7bd382b9a19121ea7e9ff5155322e",
        "is_verified": false,
        "line_number": 35
      }
    ],
    "backend\\alembic.ini": [
      {
        "type": "Basic Auth Credentials",
        "filename": "backend\\alembic.ini",
        "hashed_secret": "9d4e1e23bd5b727046a9e3b4b7db57bd8d6ee684",
        "is_verified": false,
        "line_number": 25
      }
    ],
    "backend\\app\\api\\v1\\endpoints\\auth.py": [
      {
        "type": "Secret Keyword",
        "filename": "backend\\app\\api\\v1\\endpoints\\auth.py",
        "hashed_secret": "20f5468aac9509d718f9a9c9622a777465fec095",
        "is_verified": false,
        "line_number": 58
      }
    ],
    "backend\\app\\api\\v1\\endpoints\\mfa.py": [
      {
        "type": "Secret Keyword",
        "filename": "backend\\app\\api\\v1\\endpoints\\mfa.py",
        "hashed_secret": "b57fa0798cf182195d00866158f0f022ad324741",
        "is_verified": false,
        "line_number": 68
      }
    ],
    "backend\\app\\core\\config.py": [
      {
        "type": "Basic Auth Credentials",
        "filename": "backend\\app\\core\\config.py",
        "hashed_secret": "fa9beb99e4029ad5a6615399e7bbae21356086b3",
        "is_verified": false,
        "line_number": 57
      },
      {
        "type": "Secret Keyword",
        "filename": "backend\\app\\core\\config.py",
        "hashed_secret": "07fae724bac28d7e5ffb3670a303c42f7fa488a6",
        "is_verified": false,
        "line_number": 438
      },
      {
        "type": "Secret Keyword",
        "filename": "backend\\app\\core\\config.py",
        "hashed_secret": "c752e22c2cb2d58d1da59a4ba547a835328b5a1c",
        "is_verified": false,
        "line_number": 439
      }
    ],
    "backend\\app\\core\\tiers.py": [
      {
        "type": "Secret Keyword",
        "filename": "backend\\app\\core\\tiers.py",
        "hashed_secret": "c3147989a901a5bc5a12b9264d4e21e5a3662d63",
        "is_verified": false,
        "line_number": 60
      }
    ],
    "backend\\app\\stratum\\adapters\\google_adapter.py": [
      {
        "type": "Secret Keyword",
        "filename": "backend\\app\\stratum\\adapters\\google_adapter.py",
        "hashed_secret": "c1f082f4ea00a1312f49de4596ea2209f5d1b1b3",
        "is_verified": false,
        "line_number": 129
      }
    ],
    "backend\\app\\stratum\\adapters\\meta_adapter.py": [
      {
        "type": "Secret Keyword",
        "filename": "backend\\app\\stratum\\adapters\\meta_adapter.py",
        "hashed_secret": "c772f9581550b468734c14172e3abb8e8b617908",
        "is_verified": false,
        "line_number": 114
      }
    ],
    "backend\\app\\stratum\\adapters\\snapchat_adapter.py": [
      {
        "type": "Secret Keyword",
        "filename": "backend\\app\\stratum\\adapters\\snapchat_adapter.py",
        "hashed_secret": "e093376cca5d1f265c9243e2e19cb8ee8759538c",
        "is_verified": false,
        "line_number": 100
      }
    ],
    "backend\\app\\stratum\\adapters\\tiktok_adapter.py": [
      {
        "type": "Secret Keyword",
        "filename": "backend\\app\\stratum\\adapters\\tiktok_adapter.py",
        "hashed_secret": "c772f9581550b468734c14172e3abb8e8b617908",
        "is_verified": false,
        "line_number": 110
      }
    ],
    "backend\\app\\stratum\\config.example.yaml": [
      {
        "type": "Secret Keyword",
        "filename": "backend\\app\\stratum\\config.example.yaml",
        "hashed_secret": "6f1467e88b90c400dd5110347ae2e184823a2a64",
        "is_verified": false,
        "line_number": 24
      },
      {
        "type": "Secret Keyword",
        "filename": "backend\\app\\stratum\\config.example.yaml",
        "hashed_secret": "4828aeee87a0527949cb106d4c50ae10fd333cef",
        "is_verified": false,
        "line_number": 53
      },
      {
        "type": "Secret Keyword",
        "filename": "backend\\app\\stratum\\config.example.yaml",
        "hashed_secret": "4cc696682edac1d2e6c3b851f558946bd6180175",
        "is_verified": false,
        "line_number": 74
      },
      {
        "type": "Secret Keyword",
        "filename": "backend\\app\\stratum\\config.example.yaml",
        "hashed_secret": "f7d6395ccf35303b2ec3384bce5e4dc712293d8a",
        "is_verified": false,
        "line_number": 92
      }
    ],
    "backend\\app\\stratum\\examples\\example_usage.py": [
      {
        "type": "Secret Keyword",
        "filename": "backend\\app\\stratum\\examples\\example_usage.py",
        "hashed_secret": "b3536b070485ad080fe868f00cba56b7dc29ac83",
        "is_verified": false,
        "line_number": 55
      }
    ],
    "backend\\app\\stratum\\integrations\\__init__.py": [
      {
        "type": "Secret Keyword",
        "filename": "backend\\app\\stratum\\integrations\\__init__.py",
        "hashed_secret": "e5e9fa1ba31ecd1ae84f75caaa474f3a663f05f4",
        "is_verified": false,
        "line_number": 23
      }
    ],
    "backend\\app\\stratum\\integrations\\google_complete.py": [
      {
        "type": "Secret Keyword",
        "filename": "backend\\app\\stratum\\integrations\\google_complete.py",
        "hashed_secret": "d1b7e1c27fc85c2bb6e5f2923451bbc76b156e72",
        "is_verified": false,
        "line_number": 491
      },
      {
        "type": "Secret Keyword",
        "filename": "backend\\app\\stratum\\integrations\\google_complete.py",
        "hashed_secret": "e5e9fa1ba31ecd1ae84f75caaa474f3a663f05f4",
        "is_verified": false,
        "line_number": 643
      }
    ],
    "backend\\app\\stratum\\integrations\\google_mcp_workflows.py": [
      {
        "type": "Secret Keyword",
        "filename": "backend\\app\\stratum\\integrations\\google_mcp_workflows.py",
        "hashed_secret": "11fa7c37d697f30e6aee828b4426a10f83ab2380",
        "is_verified": false,
        "line_number": 525
      }
    ],
    "backend\\scripts\\seed_cms_admin.py": [
      {
        "type": "Secret Keyword",
        "filename": "backend\\scripts\\seed_cms_admin.py",
        "hashed_secret": "beb5bc3d7d8469fdcc067453f756b192e0b4ceef",
        "is_verified": false,
        "line_number": 37
      }
    ],
    "backend\\scripts\\seed_load_test_user.py": [
      {
        "type": "Secret Keyword",
        "filename": "backend\\scripts\\seed_load_test_user.py",
        "hashed_secret": "382caa7c44ee23ee25616f7e303af33c591efc3a",
        "is_verified": false,
        "line_number": 49
      }
    ],
    "backend\\scripts\\seed_load_test_users.py": [
      {
        "type": "Secret Keyword",
        "filename": "backend\\scripts\\seed_load_test_users.py",
        "hashed_secret": "382caa7c44ee23ee25616f7e303af33c591efc3a",
        "is_verified": false,
        "line_number": 32
      }
    ],
    "backend\\scripts\\seed_superadmin.py": [
      {
        "type": "Secret Keyword",
        "filename": "backend\\scripts\\seed_superadmin.py",
        "hashed_secret": "0c63ff6617cebf4672bf026b6bbe3d525ad3f28e",
        "is_verified": false,
        "line_number": 34
      }
    ],
    "backend\\tests\\unit\\test_zoho_integration.py": [
      {
        "type": "Secret Keyword",
        "filename": "backend\\tests\\unit\\test_zoho_integration.py",
        "hashed_secret": "72cb70dbbafe97e5ea13ad88acd65d08389439b0",
        "is_verified": false,
        "line_number": 130
      }
    ],
    "docs\\01-setup\\env-vars.md": [
      {
        "type": "Basic Auth Credentials",
        "filename": "docs\\01-setup\\env-vars.md",
        "hashed_secret": "5baa61e4c9b93f3f0682250b6cf8331b7ee68fd8",
        "is_verified": false,
        "line_number": 80
      },
      {
        "type": "Secret Keyword",
        "filename": "docs\\01-setup\\env-vars.md",
        "hashed_secret": "07fae724bac28d7e5ffb3670a303c42f7fa488a6",
        "is_verified": false,
        "line_number": 382
      },
      {
        "type": "Secret Keyword",
        "filename": "docs\\01-setup\\env-vars.md",
        "hashed_secret": "c752e22c2cb2d58d1da59a4ba547a835328b5a1c",
        "is_verified": false,
        "line_number": 383
      }
    ],
    "docs\\01-setup\\local-setup.md": [
      {
        "type": "Secret Keyword",
        "filename": "docs\\01-setup\\local-setup.md",
        "hashed_secret": "564e340cd48437d2dfe876ee154cc99dc4d0d137",
        "is_verified": false,
        "line_number": 72
      },
      {
        "type": "Basic Auth Credentials",
        "filename": "docs\\01-setup\\local-setup.md",
        "hashed_secret": "5baa61e4c9b93f3f0682250b6cf8331b7ee68fd8",
        "is_verified": false,
        "line_number": 104
      },
      {
        "type": "Secret Keyword",
        "filename": "docs\\01-setup\\local-setup.md",
        "hashed_secret": "cfc42f021be93d967d015cee3920a7aea989f5dc",
        "is_verified": false,
        "line_number": 107
      },
      {
        "type": "Secret Keyword",
        "filename": "docs\\01-setup\\local-setup.md",
        "hashed_secret": "644858bf3c0fc4a8fe9f02fc6e2b9f10326c8d81",
        "is_verified": false,
        "line_number": 108
      },
      {
        "type": "Secret Keyword",
        "filename": "docs\\01-setup\\local-setup.md",
        "hashed_secret": "4d0d3c53f51abc7660789000a958332860aa8280",
        "is_verified": false,
        "line_number": 264
      }
    ],
    "docs\\02-backend\\api-reference.md": [
      {
        "type": "Secret Keyword",
        "filename": "docs\\02-backend\\api-reference.md",
        "hashed_secret": "cbfdac6008f9cab4083784cbd1874f76618d2a97",
        "is_verified": false,
        "line_number": 21
      },
      {
        "type": "Secret Keyword",
        "filename": "docs\\02-backend\\api-reference.md",
        "hashed_secret": "72559b51f94a7a3ad058c5740cbe2f7cb0d4080b",
        "is_verified": false,
        "line_number": 52
      },
      {
        "type": "Secret Keyword",
        "filename": "docs\\02-backend\\api-reference.md",
        "hashed_secret": "b57fa0798cf182195d00866158f0f022ad324741",
        "is_verified": false,
        "line_number": 98
      },
      {
        "type": "Secret Keyword",
        "filename": "docs\\02-backend\\api-reference.md",
        "hashed_secret": "3b653be2e2803fee14ebf56991b557cdd4b2802f",
        "is_verified": false,
        "line_number": 164
      }
    ],
    "docs\\02-backend\\auth.md": [
      {
        "type": "Secret Keyword",
        "filename": "docs\\02-backend\\auth.md",
        "hashed_secret": "b57fa0798cf182195d00866158f0f022ad324741",
        "is_verified": false,
        "line_number": 111
      }
    ],
    "docs\\02-backend\\deployment.md": [
      {
        "type": "Basic Auth Credentials",
        "filename": "docs\\02-backend\\deployment.md",
        "hashed_secret": "15aecd64b3675c31f845ed38fe97bb7e264d86f3",
        "is_verified": false,
        "line_number": 105
      },
      {
        "type": "Basic Auth Credentials",
        "filename": "docs\\02-backend\\deployment.md",
        "hashed_secret": "5baa61e4c9b93f3f0682250b6cf8331b7ee68fd8",
        "is_verified": false,
        "line_number": 287
      }
    ],
    "docs\\02-backend\\testing.md": [
      {
        "type": "Basic Auth Credentials",
        "filename": "docs\\02-backend\\testing.md",
        "hashed_secret": "a94a8fe5ccb19ba61c4c0873d391e987982fbbd3",
        "is_verified": false,
        "line_number": 111
      },
      {
        "type": "Secret Keyword",
        "filename": "docs\\02-backend\\testing.md",
        "hashed_secret": "cbfdac6008f9cab4083784cbd1874f76618d2a97",
        "is_verified": false,
        "line_number": 142
      }
    ],
    "docs\\04-features\\05-authentication\\api-contracts.md": [
      {
        "type": "Secret Keyword",
        "filename": "docs\\04-features\\05-authentication\\api-contracts.md",
        "hashed_secret": "20b05c695ef1f14caa80ab1ce617d503ba9de093",
        "is_verified": false,
        "line_number": 22
      },
      {
        "type": "Secret Keyword",
        "filename": "docs\\04-features\\05-authentication\\api-contracts.md",
        "hashed_secret": "95bf81d6ea04f6ab2b6d13c33770c698b104d844",
        "is_verified": false,
        "line_number": 276
      },
      {
        "type": "Secret Keyword",
        "filename": "docs\\04-features\\05-authentication\\api-contracts.md",
        "hashed_secret": "f18a5a0012dedc282f70f2c069569cd894ee49a0",
        "is_verified": false,
        "line_number": 390
      },
      {
        "type": "Secret Keyword",
        "filename": "docs\\04-features\\05-authentication\\api-contracts.md",
        "hashed_secret": "b57fa0798cf182195d00866158f0f022ad324741",
        "is_verified": false,
        "line_number": 453
      }
    ],
    "docs\\04-features\\14-superadmin\\api-contracts.md": [
      {
        "type": "Secret Keyword",
        "filename": "docs\\04-features\\14-superadmin\\api-contracts.md",
        "hashed_secret": "df1320186933743756b1d88874b8a1989c3a21c0",
        "is_verified": false,
        "line_number": 153
      },
      {
        "type": "Secret Keyword",
        "filename": "docs\\04-features\\14-superadmin\\api-contracts.md",
        "hashed_secret": "a53bfbc63533d4269119499c0d818e8ab842ae1f",
        "is_verified": false,
        "line_number": 769
      }
    ],
    "docs\\API_REFERENCE.md": [
      {
        "type": "Secret Keyword",
        "filename": "docs\\API_REFERENCE.md",
        "hashed_secret": "45d676e7c6ab44cf4b8fa366ef2d8fccd3e6d6e6",
        "is_verified": false,
        "line_number": 61
      },
      {
        "type": "Secret Keyword",
        "filename": "docs\\API_REFERENCE.md",
        "hashed_secret": "72559b51f94a7a3ad058c5740cbe2f7cb0d4080b",
        "is_verified": false,
        "line_number": 128
      },
      {
        "type": "Secret Keyword",
        "filename": "docs\\API_REFERENCE.md",
        "hashed_secret": "052da94a6343dacf76068ae52e8f60afef31507e",
        "is_verified": false,
        "line_number": 168
      },
      {
        "type": "Secret Keyword",
        "filename": "docs\\API_REFERENCE.md",
        "hashed_secret": "cd9cd772696163be072e9028ffa42f85cf7e26cd",
        "is_verified": false,
        "line_number": 223
      },
      {
        "type": "Secret Keyword",
        "filename": "docs\\API_REFERENCE.md",
        "hashed_secret": "251ac285a3febb9a19a58c7f6ed470ca4ad61343",
        "is_verified": false,
        "line_number": 224
      },
      {
        "type": "Secret Keyword",
        "filename": "docs\\API_REFERENCE.md",
        "hashed_secret": "4dbd60cf786b3aa8124d20298b832264745f6c9d",
        "is_verified": false,
        "line_number": 1014
      }
    ],
    "docs\\ENVIRONMENT_VARIABLES.md": [
      {
        "type": "Basic Auth Credentials",
        "filename": "docs\\ENVIRONMENT_VARIABLES.md",
        "hashed_secret": "5baa61e4c9b93f3f0682250b6cf8331b7ee68fd8",
        "is_verified": false,
        "line_number": 68
      },
      {
        "type": "Basic Auth Credentials",
        "filename": "docs\\ENVIRONMENT_VARIABLES.md",
        "hashed_secret": "acbf3b0123c2410952f5ca54835a7fdec578b1fc",
        "is_verified": false,
        "line_number": 82
      },
      {
        "type": "Basic Auth Credentials",
        "filename": "docs\\ENVIRONMENT_VARIABLES.md",
        "hashed_secret": "70f4b4e95dac3e2ec5e9deb3ffbd12f88250e6f6",
        "is_verified": false,
        "line_number": 373
      },
      {
        "type": "Basic Auth Credentials",
        "filename": "docs\\ENVIRONMENT_VARIABLES.md",
        "hashed_secret": "882f6d3a8138ed9a74896a08f39027f54121c330",
        "is_verified": false,
        "line_number": 423
      }
    ],
    "docs\\PRODUCTION_DEPLOYMENT_CHECKLIST.md": [
      {
        "type": "Basic Auth Credentials",
        "filename": "docs\\PRODUCTION_DEPLOYMENT_CHECKLIST.md",
        "hashed_secret": "9d4e1e23bd5b727046a9e3b4b7db57bd8d6ee684",
        "is_verified": false,
        "line_number": 138
      }
    ],
    "docs\\STRATUM_AI_FEATURES.html": [
      {
        "type": "Basic Auth Credentials",
        "filename": "docs\\STRATUM_AI_FEATURES.html",
        "hashed_secret": "9d4e1e23bd5b727046a9e3b4b7db57bd8d6ee684",
        "is_verified": false,
        "line_number": 687
      }
    ],
    "frontend\\src\\i18n\\locales\\en\\translation.json": [
      {
        "type": "Secret Keyword",
        "filename": "frontend\\src\\i18n\\locales\\en\\translation.json",
        "hashed_secret": "49289db43e663a3df5e2c70714722ecc54895565",
        "is_verified": false,
        "line_number": 410
      },
      {
        "type": "Secret Keyword",
        "filename": "frontend\\src\\i18n\\locales\\en\\translation.json",
        "hashed_secret": "4d5967896006c8a626ecef45e6312f6fc7d5b52f",
        "is_verified": false,
        "line_number": 411
      },
      {
        "type": "Secret Keyword",
        "filename": "frontend\\src\\i18n\\locales\\en\\translation.json",
        "hashed_secret": "4894cb39ee419a77b480060f3e4a6d0a4d0fa01f",
        "is_verified": false,
        "line_number": 412
      },
      {
        "type": "Secret Keyword",
        "filename": "frontend\\src\\i18n\\locales\\en\\translation.json",
        "hashed_secret": "68dcd71ce6baa65ce1f3ddb3ead8f9e8f575e147",
        "is_verified": false,
        "line_number": 413
      },
      {
        "type": "Secret Keyword",
        "filename": "frontend\\src\\i18n\\locales\\en\\translation.json",
        "hashed_secret": "61dcf34e70921088cddc6b8a5de3610727725562",
        "is_verified": false,
        "line_number": 414
      },
      {
        "type": "Secret Keyword",
        "filename": "frontend\\src\\i18n\\locales\\en\\translation.json",
        "hashed_secret": "e18ffc8d675b3373609c75f5cc1a7a229b887ed6",
        "is_verified": false,
        "line_number": 419
      }
    ],
    "frontend\\src\\views\\Login.tsx": [
      {
        "type": "Secret Keyword",
        "filename": "frontend\\src\\views\\Login.tsx",
        "hashed_secret": "664819d8c5343676c9225b5ed00a5cdc6f3a1ff3",
        "is_verified": false,
        "line_number": 69
      },
      {
        "type": "Secret Keyword",
        "filename": "frontend\\src\\views\\Login.tsx",
        "hashed_secret": "6ea7ccdcf642953a24672d10b0d32cef576e0329",
        "is_verified": false,
        "line_number": 70
      }
    ],
    "frontend\\src\\views\\tenant\\TeamManagement.tsx": [
      {
        "type": "Secret Keyword",
        "filename": "frontend\\src\\views\\tenant\\TeamManagement.tsx",
        "hashed_secret": "537ce80148151e880fea79d6cebdb045162a943c",
        "is_verified": false,
        "line_number": 83
      }
    ],
    "scripts\\seed-data.sql": [
      {
        "type": "Hex High Entropy String",
        "filename": "scripts\\seed-data.sql",
        "hashed_secret": "d95429d515301559dea9a57aa0816758f89dd9f9",
        "is_verified": false,
        "line_number": 29
      }
    ],
    "scripts\\train_models.py": [
      {
        "type": "Basic Auth Credentials",
        "filename": "scripts\\train_models.py",
        "hashed_secret": "312e52e94cdc32d342f4b37560a6f92f354acd0d",
        "is_verified": false,
        "line_number": 28
      }
    ],
    "tests\\load\\api-load-test.js": [
      {
        "type": "Secret Keyword",
        "filename": "tests\\load\\api-load-test.js",
        "hashed_secret": "d8ecf7db8fc9ec9c31bc5c9ae2929cc599c75f8d",
        "is_verified": false,
        "line_number": 327
      }
    ]
  },
  "generated_at": "2026-01-27T18:22:41Z"
}
